../Core/Src/main.c:208:13:Pantalla_Enviar	16	static
../Core/Src/main.c:217:13:Pantalla_Abrir	40	static
../Core/Src/main.c:248:13:Pantalla_Rellenar	48	static
../Core/Src/main.c:275:13:Pantalla_Bitmap	64	static
../Core/Src/main.c:309:6:DibujarPantallaInicio	24	static
../Core/Src/main.c:315:6:DibujarContador	64	static
../Core/Src/main.c:323:6:DibujarFondoEstrellas	32	static
../Core/Src/main.c:343:6:ActualizarEstrellas	40	static
../Core/Src/main.c:382:6:RestaurarFondoEstrellas	56	static
../Core/Src/main.c:415:6:ConvertirSpriteRGB565	32	static
../Core/Src/main.c:426:13:Audio_TocarNota	24	static
../Core/Src/main.c:453:6:Audio_Iniciar	8	static
../Core/Src/main.c:458:13:Audio_Reproducir	24	static
../Core/Src/main.c:481:6:Audio_Actualizar	16	static
../Core/Src/main.c:509:6:Audio_Detener	8	static
../Core/Src/main.c:525:13:FSM_CambiarEstado	24	static
../Core/Src/main.c:577:13:PrepararNivel	72	static
../Core/Src/main.c:619:16:ActualizarB1	24	static
../Core/Src/main.c:636:13:FSM_Actualizar	16	static
../Core/Src/main.c:683:16:EnemigosVivos	16	static
../Core/Src/main.c:690:16:Impacta	24	static
../Core/Src/main.c:697:13:BorrarActores	16	static
../Core/Src/main.c:711:13:BorrarProyectil	32	static
../Core/Src/main.c:724:13:DibujarProyectil	32	static
../Core/Src/main.c:732:13:DibujarActores	32	static
../Core/Src/main.c:744:13:ActualizarPartida	64	static
../Core/Src/main.c:836:5:main	8	static
../Core/Src/main.c:900:6:SystemClock_Config	88	static
../Core/Src/main.c:948:13:MX_SPI1_Init	8	static
../Core/Src/main.c:986:13:MX_TIM3_Init	64	static
../Core/Src/main.c:1045:13:MX_TIM7_Init	16	static
../Core/Src/main.c:1083:13:MX_USART2_UART_Init	8	static
../Core/Src/main.c:1116:13:MX_GPIO_Init	48	static
../Core/Src/main.c:1183:6:Error_Handler	4	static,ignoring_inline_asm
